/bin/sh: 1: nucmer: not found
/bin/sh: 1: delta-filter: not found
