Writing /home/sumin/kbsdk-workspace/dRep/test/data/res.derep.taxonomy_wf/data/MASH_files/ALL.msh...
