    Finished processing 0 of 8 (0.00%) bins.    Finished processing 1 of 8 (12.50%) bins.    Finished processing 2 of 8 (25.00%) bins.    Finished processing 3 of 8 (37.50%) bins.    Finished processing 4 of 8 (50.00%) bins.    Finished processing 5 of 8 (62.50%) bins.    Finished processing 6 of 8 (75.00%) bins.    Finished processing 7 of 8 (87.50%) bins.    Finished processing 8 of 8 (100.00%) bins.
    Finished parsing hits for 1 of 8 (12.50%) bins.    Finished parsing hits for 2 of 8 (25.00%) bins.    Finished parsing hits for 3 of 8 (37.50%) bins.    Finished parsing hits for 4 of 8 (50.00%) bins.    Finished parsing hits for 5 of 8 (62.50%) bins.    Finished parsing hits for 6 of 8 (75.00%) bins.    Finished parsing hits for 7 of 8 (87.50%) bins.    Finished parsing hits for 8 of 8 (100.00%) bins.
    Finished processing 0 of 8 (0.00%) bins.    Finished processing 1 of 8 (12.50%) bins.    Finished processing 2 of 8 (25.00%) bins.    Finished processing 3 of 8 (37.50%) bins.    Finished processing 4 of 8 (50.00%) bins.    Finished processing 5 of 8 (62.50%) bins.    Finished processing 6 of 8 (75.00%) bins.    Finished processing 7 of 8 (87.50%) bins.    Finished processing 8 of 8 (100.00%) bins.
    Finished processing 0 of 8 (0.00%) bins.    Finished processing 1 of 8 (12.50%) bins.    Finished processing 2 of 8 (25.00%) bins.    Finished processing 3 of 8 (37.50%) bins.    Finished processing 4 of 8 (50.00%) bins.    Finished processing 5 of 8 (62.50%) bins.    Finished processing 6 of 8 (75.00%) bins.    Finished processing 7 of 8 (87.50%) bins.    Finished processing 8 of 8 (100.00%) bins.
    Finished parsing hits for 1 of 8 (12.50%) bins.    Finished parsing hits for 2 of 8 (25.00%) bins.    Finished parsing hits for 3 of 8 (37.50%) bins.    Finished parsing hits for 4 of 8 (50.00%) bins.    Finished parsing hits for 5 of 8 (62.50%) bins.    Finished parsing hits for 6 of 8 (75.00%) bins.    Finished parsing hits for 7 of 8 (87.50%) bins.    Finished parsing hits for 8 of 8 (100.00%) bins.
