Writing /home/sumin/kbsdk-workspace/dRep/test/data/res.derep.taxonomy_wf/data/MASH_files/sketches/chunk_0/chunk_all.msh...
