Sketching /home/sumin/kbsdk-workspace/dRep/test/data/binned_contig_files_8bins/Bin.018.fasta...
Writing to /home/sumin/kbsdk-workspace/dRep/test/data/res.derep.taxonomy_wf/data/MASH_files/sketches/chunk_0/Bin.018.fasta.msh...
