1: PREPARING DATA
2,3: RUNNING mummer AND CREATING CLUSTERS
# reading input file "/kb/module/work/tmp/dRep_workDir_d7f80abb-1c52-43db-9fae-de726bb861a2/data/ANImf_files/34837-16-1__SURF-B.MEGAHIT.maxbin.CheckM__Bin.009.fasta/34837-16-1__SURF-B.MEGAHIT.maxbin.CheckM__Bin.009.fasta_vs_34837-16-1__SURF-B.MEGAHIT.maxbin.CheckM__Bin.009.fasta.ntref" of length 2376773
# construct suffix tree for sequence of length 2376773
# (maximum reference length is 536870908)
# (maximum query length is 4294967295)
# process 23767 characters per dot
#....................................................................................................
# CONSTRUCTIONTIME /usr/local/bin/MUMmer3.23/mummer /kb/module/work/tmp/dRep_workDir_d7f80abb-1c52-43db-9fae-de726bb861a2/data/ANImf_files/34837-16-1__SURF-B.MEGAHIT.maxbin.CheckM__Bin.009.fasta/34837-16-1__SURF-B.MEGAHIT.maxbin.CheckM__Bin.009.fasta_vs_34837-16-1__SURF-B.MEGAHIT.maxbin.CheckM__Bin.009.fasta.ntref 1.21
# reading input file "/kb/module/work/tmp/binsPooled_d7f80abb-1c52-43db-9fae-de726bb861a2/34837-16-1__SURF-B.MEGAHIT.maxbin.CheckM__Bin.009.fasta" of length 2376772
# matching query-file "/kb/module/work/tmp/binsPooled_d7f80abb-1c52-43db-9fae-de726bb861a2/34837-16-1__SURF-B.MEGAHIT.maxbin.CheckM__Bin.009.fasta"
# against subject-file "/kb/module/work/tmp/dRep_workDir_d7f80abb-1c52-43db-9fae-de726bb861a2/data/ANImf_files/34837-16-1__SURF-B.MEGAHIT.maxbin.CheckM__Bin.009.fasta/34837-16-1__SURF-B.MEGAHIT.maxbin.CheckM__Bin.009.fasta_vs_34837-16-1__SURF-B.MEGAHIT.maxbin.CheckM__Bin.009.fasta.ntref"
# COMPLETETIME /usr/local/bin/MUMmer3.23/mummer /kb/module/work/tmp/dRep_workDir_d7f80abb-1c52-43db-9fae-de726bb861a2/data/ANImf_files/34837-16-1__SURF-B.MEGAHIT.maxbin.CheckM__Bin.009.fasta/34837-16-1__SURF-B.MEGAHIT.maxbin.CheckM__Bin.009.fasta_vs_34837-16-1__SURF-B.MEGAHIT.maxbin.CheckM__Bin.009.fasta.ntref 3.48
# SPACE /usr/local/bin/MUMmer3.23/mummer /kb/module/work/tmp/dRep_workDir_d7f80abb-1c52-43db-9fae-de726bb861a2/data/ANImf_files/34837-16-1__SURF-B.MEGAHIT.maxbin.CheckM__Bin.009.fasta/34837-16-1__SURF-B.MEGAHIT.maxbin.CheckM__Bin.009.fasta_vs_34837-16-1__SURF-B.MEGAHIT.maxbin.CheckM__Bin.009.fasta.ntref 4.57
4: FINISHING DATA
