1: PREPARING DATA
2,3: RUNNING mummer AND CREATING CLUSTERS
# reading input file "/kb/module/work/tmp/dRep_workDir_d7f80abb-1c52-43db-9fae-de726bb861a2/data/ANImf_files/34837-2-1__SURF-B.MEGAHIT.metabat.CheckM__Bin.034.fasta/34837-2-1__SURF-B.MEGAHIT.metabat.CheckM__Bin.034.fasta_vs_34837-2-1__SURF-B.MEGAHIT.metabat.CheckM__Bin.034.fasta.ntref" of length 2319253
# construct suffix tree for sequence of length 2319253
# (maximum reference length is 536870908)
# (maximum query length is 4294967295)
# process 23192 characters per dot
#....................................................................................................
# CONSTRUCTIONTIME /usr/local/bin/MUMmer3.23/mummer /kb/module/work/tmp/dRep_workDir_d7f80abb-1c52-43db-9fae-de726bb861a2/data/ANImf_files/34837-2-1__SURF-B.MEGAHIT.metabat.CheckM__Bin.034.fasta/34837-2-1__SURF-B.MEGAHIT.metabat.CheckM__Bin.034.fasta_vs_34837-2-1__SURF-B.MEGAHIT.metabat.CheckM__Bin.034.fasta.ntref 0.79
# reading input file "/kb/module/work/tmp/binsPooled_d7f80abb-1c52-43db-9fae-de726bb861a2/34837-2-1__SURF-B.MEGAHIT.metabat.CheckM__Bin.034.fasta" of length 2319252
# matching query-file "/kb/module/work/tmp/binsPooled_d7f80abb-1c52-43db-9fae-de726bb861a2/34837-2-1__SURF-B.MEGAHIT.metabat.CheckM__Bin.034.fasta"
# against subject-file "/kb/module/work/tmp/dRep_workDir_d7f80abb-1c52-43db-9fae-de726bb861a2/data/ANImf_files/34837-2-1__SURF-B.MEGAHIT.metabat.CheckM__Bin.034.fasta/34837-2-1__SURF-B.MEGAHIT.metabat.CheckM__Bin.034.fasta_vs_34837-2-1__SURF-B.MEGAHIT.metabat.CheckM__Bin.034.fasta.ntref"
# COMPLETETIME /usr/local/bin/MUMmer3.23/mummer /kb/module/work/tmp/dRep_workDir_d7f80abb-1c52-43db-9fae-de726bb861a2/data/ANImf_files/34837-2-1__SURF-B.MEGAHIT.metabat.CheckM__Bin.034.fasta/34837-2-1__SURF-B.MEGAHIT.metabat.CheckM__Bin.034.fasta_vs_34837-2-1__SURF-B.MEGAHIT.metabat.CheckM__Bin.034.fasta.ntref 2.65
# SPACE /usr/local/bin/MUMmer3.23/mummer /kb/module/work/tmp/dRep_workDir_d7f80abb-1c52-43db-9fae-de726bb861a2/data/ANImf_files/34837-2-1__SURF-B.MEGAHIT.metabat.CheckM__Bin.034.fasta/34837-2-1__SURF-B.MEGAHIT.metabat.CheckM__Bin.034.fasta_vs_34837-2-1__SURF-B.MEGAHIT.metabat.CheckM__Bin.034.fasta.ntref 4.46
4: FINISHING DATA
