-------------------------------------
PRODIGAL v2.6.3 [February, 2016]         
Univ of Tenn / Oak Ridge National Lab
Doug Hyatt, Loren Hauser, et al.     
-------------------------------------
Request:  Metagenomic, Phase:  Training
Initializing training files...done!
-------------------------------------
Request:  Metagenomic, Phase:  Gene Finding
Finding genes in sequence #1 (22346 bp)...done!
Finding genes in sequence #2 (45403 bp)...done!
Finding genes in sequence #3 (22002 bp)...done!
Finding genes in sequence #4 (15111 bp)...done!
Finding genes in sequence #5 (14526 bp)...done!
Finding genes in sequence #6 (60495 bp)...done!
Finding genes in sequence #7 (21018 bp)...done!
Finding genes in sequence #8 (8046 bp)...done!
Finding genes in sequence #9 (7589 bp)...done!
Finding genes in sequence #10 (20661 bp)...done!
Finding genes in sequence #11 (15082 bp)...done!
Finding genes in sequence #12 (18398 bp)...done!
Finding genes in sequence #13 (6406 bp)...done!
Finding genes in sequence #14 (107394 bp)...done!
Finding genes in sequence #15 (7402 bp)...done!
Finding genes in sequence #16 (7058 bp)...done!
Finding genes in sequence #17 (13601 bp)...done!
Finding genes in sequence #18 (41347 bp)...done!
Finding genes in sequence #19 (3397 bp)...done!
Finding genes in sequence #20 (41296 bp)...done!
Finding genes in sequence #21 (2287 bp)...done!
Finding genes in sequence #22 (2130 bp)...done!
Finding genes in sequence #23 (6296 bp)...done!
Finding genes in sequence #24 (12145 bp)...done!
Finding genes in sequence #25 (39918 bp)...done!
Finding genes in sequence #26 (2279 bp)...done!
Finding genes in sequence #27 (28786 bp)...done!
Finding genes in sequence #28 (9128 bp)...done!
Finding genes in sequence #29 (11481 bp)...done!
Finding genes in sequence #30 (2634 bp)...done!
Finding genes in sequence #31 (10150 bp)...done!
Finding genes in sequence #32 (71113 bp)...done!
Finding genes in sequence #33 (2854 bp)...done!
Finding genes in sequence #34 (3397 bp)...done!
Finding genes in sequence #35 (42608 bp)...done!
Finding genes in sequence #36 (62838 bp)...done!
Finding genes in sequence #37 (5738 bp)...done!
Finding genes in sequence #38 (7204 bp)...done!
Finding genes in sequence #39 (12291 bp)...done!
Finding genes in sequence #40 (36922 bp)...done!
Finding genes in sequence #41 (35921 bp)...done!
Finding genes in sequence #42 (3010 bp)...done!
Finding genes in sequence #43 (40955 bp)...done!
Finding genes in sequence #44 (4215 bp)...done!
Finding genes in sequence #45 (27637 bp)...done!
Finding genes in sequence #46 (31560 bp)...done!
Finding genes in sequence #47 (35316 bp)...done!
Finding genes in sequence #48 (2453 bp)...done!
Finding genes in sequence #49 (5189 bp)...done!
Finding genes in sequence #50 (2250 bp)...done!
Finding genes in sequence #51 (32337 bp)...done!
Finding genes in sequence #52 (3749 bp)...done!
Finding genes in sequence #53 (4567 bp)...done!
Finding genes in sequence #54 (13223 bp)...done!
Finding genes in sequence #55 (10614 bp)...done!
Finding genes in sequence #56 (3415 bp)...done!
Finding genes in sequence #57 (79540 bp)...done!
Finding genes in sequence #58 (8031 bp)...done!
Finding genes in sequence #59 (4679 bp)...done!
Finding genes in sequence #60 (10253 bp)...done!
Finding genes in sequence #61 (29292 bp)...done!
Finding genes in sequence #62 (4959 bp)...done!
Finding genes in sequence #63 (8724 bp)...done!
Finding genes in sequence #64 (6820 bp)...done!
Finding genes in sequence #65 (2620 bp)...done!
Finding genes in sequence #66 (8181 bp)...done!
Finding genes in sequence #67 (6702 bp)...done!
Finding genes in sequence #68 (25939 bp)...done!
Finding genes in sequence #69 (17880 bp)...done!
Finding genes in sequence #70 (26679 bp)...done!
Finding genes in sequence #71 (5201 bp)...done!
Finding genes in sequence #72 (48058 bp)...done!
Finding genes in sequence #73 (3772 bp)...done!
Finding genes in sequence #74 (23867 bp)...done!
Finding genes in sequence #75 (14152 bp)...done!
Finding genes in sequence #76 (7395 bp)...done!
Finding genes in sequence #77 (40367 bp)...done!
Finding genes in sequence #78 (38373 bp)...done!
Finding genes in sequence #79 (17745 bp)...done!
Finding genes in sequence #80 (28910 bp)...done!
Finding genes in sequence #81 (20967 bp)...done!
Finding genes in sequence #82 (18909 bp)...done!
Finding genes in sequence #83 (7021 bp)...done!
Finding genes in sequence #84 (4218 bp)...done!
Finding genes in sequence #85 (24448 bp)...done!
Finding genes in sequence #86 (2182 bp)...done!
Finding genes in sequence #87 (11240 bp)...done!
Finding genes in sequence #88 (9735 bp)...done!
Finding genes in sequence #89 (16708 bp)...done!
Finding genes in sequence #90 (11960 bp)...done!
Finding genes in sequence #91 (5136 bp)...done!
Finding genes in sequence #92 (4622 bp)...done!
Finding genes in sequence #93 (64835 bp)...done!
Finding genes in sequence #94 (7009 bp)...done!
Finding genes in sequence #95 (17473 bp)...done!
Finding genes in sequence #96 (14849 bp)...done!
Finding genes in sequence #97 (4987 bp)...done!
Finding genes in sequence #98 (10021 bp)...done!
Finding genes in sequence #99 (8925 bp)...done!
Finding genes in sequence #100 (16667 bp)...done!
Finding genes in sequence #101 (52039 bp)...done!
Finding genes in sequence #102 (22682 bp)...done!
Finding genes in sequence #103 (7278 bp)...done!
Finding genes in sequence #104 (30221 bp)...done!
Finding genes in sequence #105 (5231 bp)...done!
Finding genes in sequence #106 (54449 bp)...done!
Finding genes in sequence #107 (2611 bp)...done!
Finding genes in sequence #108 (52643 bp)...done!
Finding genes in sequence #109 (7723 bp)...done!
Finding genes in sequence #110 (4610 bp)...done!
Finding genes in sequence #111 (12410 bp)...done!
Finding genes in sequence #112 (18867 bp)...done!
Finding genes in sequence #113 (2554 bp)...done!
Finding genes in sequence #114 (31334 bp)...done!
Finding genes in sequence #115 (23256 bp)...done!
Finding genes in sequence #116 (12160 bp)...done!
Finding genes in sequence #117 (11809 bp)...done!
Finding genes in sequence #118 (43723 bp)...done!
Finding genes in sequence #119 (7224 bp)...done!
Finding genes in sequence #120 (7855 bp)...done!
Finding genes in sequence #121 (34000 bp)...done!
Finding genes in sequence #122 (30839 bp)...done!
Finding genes in sequence #123 (23740 bp)...done!
Finding genes in sequence #124 (5095 bp)...done!
Finding genes in sequence #125 (6584 bp)...done!
Finding genes in sequence #126 (5473 bp)...done!
Finding genes in sequence #127 (4234 bp)...done!
Finding genes in sequence #128 (2203 bp)...done!
Finding genes in sequence #129 (2782 bp)...done!
Finding genes in sequence #130 (10725 bp)...done!
Finding genes in sequence #131 (10661 bp)...done!
Finding genes in sequence #132 (2830 bp)...done!
Finding genes in sequence #133 (9251 bp)...done!
Finding genes in sequence #134 (11993 bp)...done!
Finding genes in sequence #135 (29041 bp)...done!
Finding genes in sequence #136 (23819 bp)...done!
Finding genes in sequence #137 (42933 bp)...done!
Finding genes in sequence #138 (2722 bp)...done!
Finding genes in sequence #139 (33094 bp)...done!
Finding genes in sequence #140 (18549 bp)...done!
Finding genes in sequence #141 (14291 bp)...done!
Finding genes in sequence #142 (7073 bp)...done!
