-------------------------------------
PRODIGAL v2.6.3 [February, 2016]         
Univ of Tenn / Oak Ridge National Lab
Doug Hyatt, Loren Hauser, et al.     
-------------------------------------
Request:  Metagenomic, Phase:  Training
Initializing training files...done!
-------------------------------------
Request:  Metagenomic, Phase:  Gene Finding
Finding genes in sequence #1 (35658 bp)...done!
Finding genes in sequence #2 (44012 bp)...done!
Finding genes in sequence #3 (76133 bp)...done!
Finding genes in sequence #4 (63938 bp)...done!
Finding genes in sequence #5 (14659 bp)...done!
Finding genes in sequence #6 (28741 bp)...done!
Finding genes in sequence #7 (48487 bp)...done!
Finding genes in sequence #8 (17194 bp)...done!
Finding genes in sequence #9 (111230 bp)...done!
Finding genes in sequence #10 (53621 bp)...done!
Finding genes in sequence #11 (31669 bp)...done!
Finding genes in sequence #12 (100709 bp)...done!
Finding genes in sequence #13 (43264 bp)...done!
Finding genes in sequence #14 (51655 bp)...done!
Finding genes in sequence #15 (10689 bp)...done!
Finding genes in sequence #16 (14630 bp)...done!
Finding genes in sequence #17 (83521 bp)...done!
Finding genes in sequence #18 (46510 bp)...done!
Finding genes in sequence #19 (6175 bp)...done!
Finding genes in sequence #20 (17223 bp)...done!
Finding genes in sequence #21 (18085 bp)...done!
Finding genes in sequence #22 (23788 bp)...done!
Finding genes in sequence #23 (48579 bp)...done!
Finding genes in sequence #24 (42452 bp)...done!
Finding genes in sequence #25 (18947 bp)...done!
Finding genes in sequence #26 (4057 bp)...done!
Finding genes in sequence #27 (76800 bp)...done!
Finding genes in sequence #28 (16425 bp)...done!
Finding genes in sequence #29 (35853 bp)...done!
Finding genes in sequence #30 (31141 bp)...done!
Finding genes in sequence #31 (43808 bp)...done!
Finding genes in sequence #32 (4731 bp)...done!
Finding genes in sequence #33 (97465 bp)...done!
Finding genes in sequence #34 (4006 bp)...done!
Finding genes in sequence #35 (108054 bp)...done!
Finding genes in sequence #36 (19657 bp)...done!
Finding genes in sequence #37 (6127 bp)...done!
Finding genes in sequence #38 (26561 bp)...done!
Finding genes in sequence #39 (8989 bp)...done!
Finding genes in sequence #40 (5032 bp)...done!
Finding genes in sequence #41 (4189 bp)...done!
Finding genes in sequence #42 (45668 bp)...done!
Finding genes in sequence #43 (9444 bp)...done!
Finding genes in sequence #44 (106139 bp)...done!
Finding genes in sequence #45 (3021 bp)...done!
Finding genes in sequence #46 (57484 bp)...done!
Finding genes in sequence #47 (7393 bp)...done!
Finding genes in sequence #48 (22225 bp)...done!
Finding genes in sequence #49 (51551 bp)...done!
Finding genes in sequence #50 (90100 bp)...done!
Finding genes in sequence #51 (31045 bp)...done!
Finding genes in sequence #52 (6053 bp)...done!
Finding genes in sequence #53 (27707 bp)...done!
Finding genes in sequence #54 (37162 bp)...done!
Finding genes in sequence #55 (68397 bp)...done!
Finding genes in sequence #56 (47234 bp)...done!
Finding genes in sequence #57 (3986 bp)...done!
Finding genes in sequence #58 (138019 bp)...done!
Finding genes in sequence #59 (8302 bp)...done!
