Sketching /kb/module/work/tmp/binsPooled_d7f80abb-1c52-43db-9fae-de726bb861a2/34837-2-1__SURF-B.MEGAHIT.metabat.CheckM__Bin.018.fasta...
Writing to /kb/module/work/tmp/dRep_workDir_d7f80abb-1c52-43db-9fae-de726bb861a2/data/MASH_files/sketches/chunk_0/34837-2-1__SURF-B.MEGAHIT.metabat.CheckM__Bin.018.fasta.msh...
