    Finished processing 0 of 11 (0.00%) bins.    Finished processing 1 of 11 (9.09%) bins.    Finished processing 2 of 11 (18.18%) bins.    Finished processing 3 of 11 (27.27%) bins.    Finished processing 4 of 11 (36.36%) bins.    Finished processing 5 of 11 (45.45%) bins.    Finished processing 6 of 11 (54.55%) bins.    Finished processing 7 of 11 (63.64%) bins.    Finished processing 8 of 11 (72.73%) bins.    Finished processing 9 of 11 (81.82%) bins.    Finished processing 10 of 11 (90.91%) bins.    Finished processing 11 of 11 (100.00%) bins.
    Finished parsing hits for 1 of 11 (9.09%) bins.    Finished parsing hits for 2 of 11 (18.18%) bins.    Finished parsing hits for 3 of 11 (27.27%) bins.    Finished parsing hits for 4 of 11 (36.36%) bins.    Finished parsing hits for 5 of 11 (45.45%) bins.    Finished parsing hits for 6 of 11 (54.55%) bins.    Finished parsing hits for 7 of 11 (63.64%) bins.    Finished parsing hits for 8 of 11 (72.73%) bins.    Finished parsing hits for 9 of 11 (81.82%) bins.    Finished parsing hits for 10 of 11 (90.91%) bins.    Finished parsing hits for 11 of 11 (100.00%) bins.
    Finished processing 0 of 11 (0.00%) bins.    Finished processing 1 of 11 (9.09%) bins.    Finished processing 2 of 11 (18.18%) bins.    Finished processing 3 of 11 (27.27%) bins.    Finished processing 4 of 11 (36.36%) bins.    Finished processing 5 of 11 (45.45%) bins.    Finished processing 6 of 11 (54.55%) bins.    Finished processing 7 of 11 (63.64%) bins.    Finished processing 8 of 11 (72.73%) bins.    Finished processing 9 of 11 (81.82%) bins.    Finished processing 10 of 11 (90.91%) bins.    Finished processing 11 of 11 (100.00%) bins.
    Finished processing 0 of 11 (0.00%) bins.    Finished processing 1 of 11 (9.09%) bins.    Finished processing 2 of 11 (18.18%) bins.    Finished processing 3 of 11 (27.27%) bins.    Finished processing 4 of 11 (36.36%) bins.    Finished processing 5 of 11 (45.45%) bins.    Finished processing 6 of 11 (54.55%) bins.    Finished processing 7 of 11 (63.64%) bins.    Finished processing 8 of 11 (72.73%) bins.    Finished processing 9 of 11 (81.82%) bins.    Finished processing 10 of 11 (90.91%) bins.    Finished processing 11 of 11 (100.00%) bins.
    Finished parsing hits for 1 of 11 (9.09%) bins.    Finished parsing hits for 2 of 11 (18.18%) bins.    Finished parsing hits for 3 of 11 (27.27%) bins.    Finished parsing hits for 4 of 11 (36.36%) bins.    Finished parsing hits for 5 of 11 (45.45%) bins.    Finished parsing hits for 6 of 11 (54.55%) bins.    Finished parsing hits for 7 of 11 (63.64%) bins.    Finished parsing hits for 8 of 11 (72.73%) bins.    Finished parsing hits for 9 of 11 (81.82%) bins.    Finished parsing hits for 10 of 11 (90.91%) bins.    Finished parsing hits for 11 of 11 (100.00%) bins.
