-------------------------------------
PRODIGAL v2.6.3 [February, 2016]         
Univ of Tenn / Oak Ridge National Lab
Doug Hyatt, Loren Hauser, et al.     
-------------------------------------
Request:  Metagenomic, Phase:  Training
Initializing training files...done!
-------------------------------------
Request:  Metagenomic, Phase:  Gene Finding
Finding genes in sequence #1 (3672 bp)...done!
Finding genes in sequence #2 (100914 bp)...done!
Finding genes in sequence #3 (15794 bp)...done!
Finding genes in sequence #4 (9024 bp)...done!
Finding genes in sequence #5 (2950 bp)...done!
Finding genes in sequence #6 (7796 bp)...done!
Finding genes in sequence #7 (3603 bp)...done!
Finding genes in sequence #8 (15783 bp)...done!
Finding genes in sequence #9 (10113 bp)...done!
Finding genes in sequence #10 (72934 bp)...done!
Finding genes in sequence #11 (14404 bp)...done!
Finding genes in sequence #12 (21135 bp)...done!
Finding genes in sequence #13 (6133 bp)...done!
Finding genes in sequence #14 (35778 bp)...done!
Finding genes in sequence #15 (5191 bp)...done!
Finding genes in sequence #16 (4902 bp)...done!
Finding genes in sequence #17 (50704 bp)...done!
Finding genes in sequence #18 (6000 bp)...done!
Finding genes in sequence #19 (5461 bp)...done!
Finding genes in sequence #20 (44074 bp)...done!
Finding genes in sequence #21 (10058 bp)...done!
Finding genes in sequence #22 (15456 bp)...done!
Finding genes in sequence #23 (19835 bp)...done!
Finding genes in sequence #24 (17173 bp)...done!
Finding genes in sequence #25 (24366 bp)...done!
Finding genes in sequence #26 (24090 bp)...done!
Finding genes in sequence #27 (25010 bp)...done!
Finding genes in sequence #28 (5342 bp)...done!
Finding genes in sequence #29 (36102 bp)...done!
Finding genes in sequence #30 (8226 bp)...done!
Finding genes in sequence #31 (53928 bp)...done!
Finding genes in sequence #32 (137790 bp)...done!
Finding genes in sequence #33 (6561 bp)...done!
Finding genes in sequence #34 (12703 bp)...done!
Finding genes in sequence #35 (139515 bp)...done!
Finding genes in sequence #36 (75986 bp)...done!
Finding genes in sequence #37 (178273 bp)...done!
Finding genes in sequence #38 (37391 bp)...done!
Finding genes in sequence #39 (118630 bp)...done!
Finding genes in sequence #40 (9527 bp)...done!
Finding genes in sequence #41 (18630 bp)...done!
Finding genes in sequence #42 (28422 bp)...done!
Finding genes in sequence #43 (29216 bp)...done!
Finding genes in sequence #44 (71036 bp)...done!
Finding genes in sequence #45 (5579 bp)...done!
Finding genes in sequence #46 (36916 bp)...done!
Finding genes in sequence #47 (14711 bp)...done!
Finding genes in sequence #48 (51102 bp)...done!
Finding genes in sequence #49 (87397 bp)...done!
Finding genes in sequence #50 (27366 bp)...done!
Finding genes in sequence #51 (4432 bp)...done!
Finding genes in sequence #52 (14784 bp)...done!
Finding genes in sequence #53 (3405 bp)...done!
Finding genes in sequence #54 (5255 bp)...done!
Finding genes in sequence #55 (17212 bp)...done!
Finding genes in sequence #56 (6618 bp)...done!
Finding genes in sequence #57 (32829 bp)...done!
Finding genes in sequence #58 (155992 bp)...done!
Finding genes in sequence #59 (29239 bp)...done!
Finding genes in sequence #60 (79099 bp)...done!
Finding genes in sequence #61 (18613 bp)...done!
Finding genes in sequence #62 (113733 bp)...done!
Finding genes in sequence #63 (6855 bp)...done!
Finding genes in sequence #64 (22982 bp)...done!
Finding genes in sequence #65 (48641 bp)...done!
Finding genes in sequence #66 (46188 bp)...done!
Finding genes in sequence #67 (16980 bp)...done!
Finding genes in sequence #68 (23063 bp)...done!
Finding genes in sequence #69 (9994 bp)...done!
Finding genes in sequence #70 (33744 bp)...done!
Finding genes in sequence #71 (36335 bp)...done!
Finding genes in sequence #72 (23841 bp)...done!
Finding genes in sequence #73 (75773 bp)...done!
Finding genes in sequence #74 (50478 bp)...done!
Finding genes in sequence #75 (176279 bp)...done!
Finding genes in sequence #76 (6022 bp)...done!
Finding genes in sequence #77 (42500 bp)...done!
Finding genes in sequence #78 (14361 bp)...done!
Finding genes in sequence #79 (6239 bp)...done!
Finding genes in sequence #80 (5114 bp)...done!
Finding genes in sequence #81 (10609 bp)...done!
Finding genes in sequence #82 (12195 bp)...done!
Finding genes in sequence #83 (30019 bp)...done!
Finding genes in sequence #84 (7982 bp)...done!
Finding genes in sequence #85 (8495 bp)...done!
Finding genes in sequence #86 (26061 bp)...done!
Finding genes in sequence #87 (12940 bp)...done!
Finding genes in sequence #88 (69872 bp)...done!
Finding genes in sequence #89 (31754 bp)...done!
Finding genes in sequence #90 (69762 bp)...done!
Finding genes in sequence #91 (196471 bp)...done!
Finding genes in sequence #92 (23671 bp)...done!
Finding genes in sequence #93 (22543 bp)...done!
Finding genes in sequence #94 (33842 bp)...done!
Finding genes in sequence #95 (107959 bp)...done!
Finding genes in sequence #96 (29435 bp)...done!
Finding genes in sequence #97 (38673 bp)...done!
Finding genes in sequence #98 (91560 bp)...done!
Finding genes in sequence #99 (48988 bp)...done!
Finding genes in sequence #100 (15254 bp)...done!
Finding genes in sequence #101 (25703 bp)...done!
