-------------------------------------
PRODIGAL v2.6.3 [February, 2016]         
Univ of Tenn / Oak Ridge National Lab
Doug Hyatt, Loren Hauser, et al.     
-------------------------------------
Request:  Metagenomic, Phase:  Training
Initializing training files...done!
-------------------------------------
Request:  Metagenomic, Phase:  Gene Finding
Finding genes in sequence #1 (7661 bp)...done!
Finding genes in sequence #2 (6054 bp)...done!
Finding genes in sequence #3 (9467 bp)...done!
Finding genes in sequence #4 (12571 bp)...done!
Finding genes in sequence #5 (3238 bp)...done!
Finding genes in sequence #6 (6144 bp)...done!
Finding genes in sequence #7 (10931 bp)...done!
Finding genes in sequence #8 (3443 bp)...done!
Finding genes in sequence #9 (65846 bp)...done!
Finding genes in sequence #10 (8187 bp)...done!
Finding genes in sequence #11 (50182 bp)...done!
Finding genes in sequence #12 (20616 bp)...done!
Finding genes in sequence #13 (6635 bp)...done!
Finding genes in sequence #14 (3190 bp)...done!
Finding genes in sequence #15 (6942 bp)...done!
Finding genes in sequence #16 (39140 bp)...done!
Finding genes in sequence #17 (12215 bp)...done!
Finding genes in sequence #18 (69923 bp)...done!
Finding genes in sequence #19 (18060 bp)...done!
Finding genes in sequence #20 (18127 bp)...done!
Finding genes in sequence #21 (13287 bp)...done!
Finding genes in sequence #22 (20855 bp)...done!
Finding genes in sequence #23 (12949 bp)...done!
Finding genes in sequence #24 (26847 bp)...done!
Finding genes in sequence #25 (28284 bp)...done!
Finding genes in sequence #26 (25013 bp)...done!
Finding genes in sequence #27 (10472 bp)...done!
Finding genes in sequence #28 (16788 bp)...done!
Finding genes in sequence #29 (56181 bp)...done!
Finding genes in sequence #30 (5962 bp)...done!
Finding genes in sequence #31 (19310 bp)...done!
Finding genes in sequence #32 (22772 bp)...done!
Finding genes in sequence #33 (37284 bp)...done!
Finding genes in sequence #34 (24980 bp)...done!
Finding genes in sequence #35 (26003 bp)...done!
Finding genes in sequence #36 (55003 bp)...done!
Finding genes in sequence #37 (17916 bp)...done!
Finding genes in sequence #38 (11439 bp)...done!
Finding genes in sequence #39 (9512 bp)...done!
Finding genes in sequence #40 (5032 bp)...done!
Finding genes in sequence #41 (11810 bp)...done!
Finding genes in sequence #42 (8327 bp)...done!
Finding genes in sequence #43 (28742 bp)...done!
Finding genes in sequence #44 (19468 bp)...done!
Finding genes in sequence #45 (4997 bp)...done!
Finding genes in sequence #46 (41759 bp)...done!
Finding genes in sequence #47 (11033 bp)...done!
Finding genes in sequence #48 (31529 bp)...done!
Finding genes in sequence #49 (11002 bp)...done!
Finding genes in sequence #50 (48943 bp)...done!
Finding genes in sequence #51 (30935 bp)...done!
Finding genes in sequence #52 (23973 bp)...done!
Finding genes in sequence #53 (32835 bp)...done!
Finding genes in sequence #54 (6419 bp)...done!
Finding genes in sequence #55 (16108 bp)...done!
Finding genes in sequence #56 (42881 bp)...done!
Finding genes in sequence #57 (24837 bp)...done!
Finding genes in sequence #58 (34155 bp)...done!
Finding genes in sequence #59 (13603 bp)...done!
Finding genes in sequence #60 (4641 bp)...done!
Finding genes in sequence #61 (50130 bp)...done!
Finding genes in sequence #62 (7498 bp)...done!
Finding genes in sequence #63 (29103 bp)...done!
Finding genes in sequence #64 (9720 bp)...done!
Finding genes in sequence #65 (21709 bp)...done!
Finding genes in sequence #66 (17565 bp)...done!
Finding genes in sequence #67 (7978 bp)...done!
Finding genes in sequence #68 (44290 bp)...done!
Finding genes in sequence #69 (31396 bp)...done!
Finding genes in sequence #70 (10736 bp)...done!
Finding genes in sequence #71 (9380 bp)...done!
Finding genes in sequence #72 (12514 bp)...done!
Finding genes in sequence #73 (73998 bp)...done!
Finding genes in sequence #74 (8226 bp)...done!
Finding genes in sequence #75 (21344 bp)...done!
Finding genes in sequence #76 (20614 bp)...done!
Finding genes in sequence #77 (4417 bp)...done!
Finding genes in sequence #78 (66580 bp)...done!
Finding genes in sequence #79 (11383 bp)...done!
Finding genes in sequence #80 (9190 bp)...done!
Finding genes in sequence #81 (20541 bp)...done!
Finding genes in sequence #82 (8437 bp)...done!
Finding genes in sequence #83 (4338 bp)...done!
Finding genes in sequence #84 (15328 bp)...done!
Finding genes in sequence #85 (6493 bp)...done!
Finding genes in sequence #86 (47781 bp)...done!
Finding genes in sequence #87 (31052 bp)...done!
Finding genes in sequence #88 (45457 bp)...done!
Finding genes in sequence #89 (44690 bp)...done!
Finding genes in sequence #90 (41115 bp)...done!
Finding genes in sequence #91 (47527 bp)...done!
Finding genes in sequence #92 (3287 bp)...done!
Finding genes in sequence #93 (4203 bp)...done!
Finding genes in sequence #94 (27024 bp)...done!
Finding genes in sequence #95 (4281 bp)...done!
Finding genes in sequence #96 (4061 bp)...done!
Finding genes in sequence #97 (34495 bp)...done!
Finding genes in sequence #98 (16628 bp)...done!
Finding genes in sequence #99 (61209 bp)...done!
Finding genes in sequence #100 (3319 bp)...done!
Finding genes in sequence #101 (11525 bp)...done!
Finding genes in sequence #102 (24563 bp)...done!
Finding genes in sequence #103 (10142 bp)...done!
Finding genes in sequence #104 (17943 bp)...done!
Finding genes in sequence #105 (8859 bp)...done!
Finding genes in sequence #106 (8256 bp)...done!
Finding genes in sequence #107 (26363 bp)...done!
