-------------------------------------
PRODIGAL v2.6.3 [February, 2016]         
Univ of Tenn / Oak Ridge National Lab
Doug Hyatt, Loren Hauser, et al.     
-------------------------------------
Request:  Metagenomic, Phase:  Training
Initializing training files...done!
-------------------------------------
Request:  Metagenomic, Phase:  Gene Finding
Finding genes in sequence #1 (5178 bp)...done!
Finding genes in sequence #2 (22346 bp)...done!
Finding genes in sequence #3 (45403 bp)...done!
Finding genes in sequence #4 (22002 bp)...done!
Finding genes in sequence #5 (15111 bp)...done!
Finding genes in sequence #6 (6396 bp)...done!
Finding genes in sequence #7 (60495 bp)...done!
Finding genes in sequence #8 (21018 bp)...done!
Finding genes in sequence #9 (7589 bp)...done!
Finding genes in sequence #10 (15082 bp)...done!
Finding genes in sequence #11 (18398 bp)...done!
Finding genes in sequence #12 (6406 bp)...done!
Finding genes in sequence #13 (107394 bp)...done!
Finding genes in sequence #14 (7402 bp)...done!
Finding genes in sequence #15 (13601 bp)...done!
Finding genes in sequence #16 (41347 bp)...done!
Finding genes in sequence #17 (3397 bp)...done!
Finding genes in sequence #18 (41296 bp)...done!
Finding genes in sequence #19 (7891 bp)...done!
Finding genes in sequence #20 (6296 bp)...done!
Finding genes in sequence #21 (12145 bp)...done!
Finding genes in sequence #22 (39918 bp)...done!
Finding genes in sequence #23 (28786 bp)...done!
Finding genes in sequence #24 (9128 bp)...done!
Finding genes in sequence #25 (2634 bp)...done!
Finding genes in sequence #26 (10150 bp)...done!
Finding genes in sequence #27 (71113 bp)...done!
Finding genes in sequence #28 (5422 bp)...done!
Finding genes in sequence #29 (2854 bp)...done!
Finding genes in sequence #30 (3397 bp)...done!
Finding genes in sequence #31 (42608 bp)...done!
Finding genes in sequence #32 (62838 bp)...done!
Finding genes in sequence #33 (5738 bp)...done!
Finding genes in sequence #34 (7204 bp)...done!
Finding genes in sequence #35 (12291 bp)...done!
Finding genes in sequence #36 (36922 bp)...done!
Finding genes in sequence #37 (4490 bp)...done!
Finding genes in sequence #38 (35921 bp)...done!
Finding genes in sequence #39 (3010 bp)...done!
Finding genes in sequence #40 (40955 bp)...done!
Finding genes in sequence #41 (4215 bp)...done!
Finding genes in sequence #42 (27637 bp)...done!
Finding genes in sequence #43 (31560 bp)...done!
Finding genes in sequence #44 (35316 bp)...done!
Finding genes in sequence #45 (5189 bp)...done!
Finding genes in sequence #46 (32337 bp)...done!
Finding genes in sequence #47 (3749 bp)...done!
Finding genes in sequence #48 (4567 bp)...done!
Finding genes in sequence #49 (13223 bp)...done!
Finding genes in sequence #50 (10614 bp)...done!
Finding genes in sequence #51 (3415 bp)...done!
Finding genes in sequence #52 (79540 bp)...done!
Finding genes in sequence #53 (8031 bp)...done!
Finding genes in sequence #54 (4679 bp)...done!
Finding genes in sequence #55 (10253 bp)...done!
Finding genes in sequence #56 (29292 bp)...done!
Finding genes in sequence #57 (8724 bp)...done!
Finding genes in sequence #58 (6820 bp)...done!
Finding genes in sequence #59 (2620 bp)...done!
Finding genes in sequence #60 (8181 bp)...done!
Finding genes in sequence #61 (6702 bp)...done!
Finding genes in sequence #62 (25939 bp)...done!
Finding genes in sequence #63 (9848 bp)...done!
Finding genes in sequence #64 (17880 bp)...done!
Finding genes in sequence #65 (26679 bp)...done!
Finding genes in sequence #66 (10187 bp)...done!
Finding genes in sequence #67 (5153 bp)...done!
Finding genes in sequence #68 (8204 bp)...done!
Finding genes in sequence #69 (48058 bp)...done!
Finding genes in sequence #70 (23867 bp)...done!
Finding genes in sequence #71 (14152 bp)...done!
Finding genes in sequence #72 (7395 bp)...done!
Finding genes in sequence #73 (40367 bp)...done!
Finding genes in sequence #74 (3333 bp)...done!
Finding genes in sequence #75 (38373 bp)...done!
Finding genes in sequence #76 (8996 bp)...done!
Finding genes in sequence #77 (17745 bp)...done!
Finding genes in sequence #78 (28910 bp)...done!
Finding genes in sequence #79 (20967 bp)...done!
Finding genes in sequence #80 (18909 bp)...done!
Finding genes in sequence #81 (7021 bp)...done!
Finding genes in sequence #82 (4218 bp)...done!
Finding genes in sequence #83 (24448 bp)...done!
Finding genes in sequence #84 (2844 bp)...done!
Finding genes in sequence #85 (11240 bp)...done!
Finding genes in sequence #86 (9735 bp)...done!
Finding genes in sequence #87 (16708 bp)...done!
Finding genes in sequence #88 (19259 bp)...done!
Finding genes in sequence #89 (11960 bp)...done!
Finding genes in sequence #90 (5136 bp)...done!
Finding genes in sequence #91 (4622 bp)...done!
Finding genes in sequence #92 (64835 bp)...done!
Finding genes in sequence #93 (7009 bp)...done!
Finding genes in sequence #94 (17473 bp)...done!
Finding genes in sequence #95 (14849 bp)...done!
Finding genes in sequence #96 (4987 bp)...done!
Finding genes in sequence #97 (10955 bp)...done!
Finding genes in sequence #98 (9414 bp)...done!
Finding genes in sequence #99 (10021 bp)...done!
Finding genes in sequence #100 (8925 bp)...done!
Finding genes in sequence #101 (16667 bp)...done!
Finding genes in sequence #102 (52039 bp)...done!
Finding genes in sequence #103 (22682 bp)...done!
Finding genes in sequence #104 (3177 bp)...done!
Finding genes in sequence #105 (7278 bp)...done!
Finding genes in sequence #106 (30221 bp)...done!
Finding genes in sequence #107 (5231 bp)...done!
Finding genes in sequence #108 (54449 bp)...done!
Finding genes in sequence #109 (2611 bp)...done!
Finding genes in sequence #110 (52643 bp)...done!
Finding genes in sequence #111 (7723 bp)...done!
Finding genes in sequence #112 (4610 bp)...done!
Finding genes in sequence #113 (12410 bp)...done!
Finding genes in sequence #114 (18867 bp)...done!
Finding genes in sequence #115 (31334 bp)...done!
Finding genes in sequence #116 (23256 bp)...done!
Finding genes in sequence #117 (12160 bp)...done!
Finding genes in sequence #118 (11809 bp)...done!
Finding genes in sequence #119 (43723 bp)...done!
Finding genes in sequence #120 (7855 bp)...done!
Finding genes in sequence #121 (34000 bp)...done!
Finding genes in sequence #122 (30839 bp)...done!
Finding genes in sequence #123 (23740 bp)...done!
Finding genes in sequence #124 (6304 bp)...done!
Finding genes in sequence #125 (5011 bp)...done!
Finding genes in sequence #126 (5095 bp)...done!
Finding genes in sequence #127 (6584 bp)...done!
Finding genes in sequence #128 (11391 bp)...done!
Finding genes in sequence #129 (3537 bp)...done!
Finding genes in sequence #130 (5473 bp)...done!
Finding genes in sequence #131 (10791 bp)...done!
Finding genes in sequence #132 (4234 bp)...done!
Finding genes in sequence #133 (2782 bp)...done!
Finding genes in sequence #134 (10725 bp)...done!
Finding genes in sequence #135 (10661 bp)...done!
Finding genes in sequence #136 (9251 bp)...done!
Finding genes in sequence #137 (11993 bp)...done!
Finding genes in sequence #138 (29041 bp)...done!
Finding genes in sequence #139 (23819 bp)...done!
Finding genes in sequence #140 (42933 bp)...done!
Finding genes in sequence #141 (2722 bp)...done!
Finding genes in sequence #142 (33094 bp)...done!
Finding genes in sequence #143 (14291 bp)...done!
Finding genes in sequence #144 (7073 bp)...done!
