1: PREPARING DATA
2,3: RUNNING mummer AND CREATING CLUSTERS
# reading input file "/home/sumin/kbsdk-workspace/dRep/test/data/res.dRep.txwf.uniq/data/ANImf_files/Bin.027.fasta/Bin.027.fasta_vs_Bin.027.fasta.ntref" of length 3803191
# construct suffix tree for sequence of length 3803191
# (maximum reference length is 536870908)
# (maximum query length is 4294967295)
# process 38031 characters per dot
#....................................................................................................
# CONSTRUCTIONTIME /usr/local/bin/MUMmer3.23/mummer /home/sumin/kbsdk-workspace/dRep/test/data/res.dRep.txwf.uniq/data/ANImf_files/Bin.027.fasta/Bin.027.fasta_vs_Bin.027.fasta.ntref 1.41
# reading input file "/home/sumin/kbsdk-workspace/dRep/test/data/binned_contig_files_8bins/Bin.027.fasta" of length 3803190
# matching query-file "/home/sumin/kbsdk-workspace/dRep/test/data/binned_contig_files_8bins/Bin.027.fasta"
# against subject-file "/home/sumin/kbsdk-workspace/dRep/test/data/res.dRep.txwf.uniq/data/ANImf_files/Bin.027.fasta/Bin.027.fasta_vs_Bin.027.fasta.ntref"
# COMPLETETIME /usr/local/bin/MUMmer3.23/mummer /home/sumin/kbsdk-workspace/dRep/test/data/res.dRep.txwf.uniq/data/ANImf_files/Bin.027.fasta/Bin.027.fasta_vs_Bin.027.fasta.ntref 4.55
# SPACE /usr/local/bin/MUMmer3.23/mummer /home/sumin/kbsdk-workspace/dRep/test/data/res.dRep.txwf.uniq/data/ANImf_files/Bin.027.fasta/Bin.027.fasta_vs_Bin.027.fasta.ntref 7.32
4: FINISHING DATA
