1: PREPARING DATA
2,3: RUNNING mummer AND CREATING CLUSTERS
# reading input file "/home/sumin/kbsdk-workspace/dRep/test/data/res.dRep.txwf.uniq/data/ANImf_files/Bin.038.fasta/Bin.038.fasta_vs_Bin.038.fasta.ntref" of length 3428356
# construct suffix tree for sequence of length 3428356
# (maximum reference length is 536870908)
# (maximum query length is 4294967295)
# process 34283 characters per dot
#....................................................................................................
# CONSTRUCTIONTIME /usr/local/bin/MUMmer3.23/mummer /home/sumin/kbsdk-workspace/dRep/test/data/res.dRep.txwf.uniq/data/ANImf_files/Bin.038.fasta/Bin.038.fasta_vs_Bin.038.fasta.ntref 1.32
# reading input file "/home/sumin/kbsdk-workspace/dRep/test/data/binned_contig_files_8bins/Bin.038.fasta" of length 3428355
# matching query-file "/home/sumin/kbsdk-workspace/dRep/test/data/binned_contig_files_8bins/Bin.038.fasta"
# against subject-file "/home/sumin/kbsdk-workspace/dRep/test/data/res.dRep.txwf.uniq/data/ANImf_files/Bin.038.fasta/Bin.038.fasta_vs_Bin.038.fasta.ntref"
# COMPLETETIME /usr/local/bin/MUMmer3.23/mummer /home/sumin/kbsdk-workspace/dRep/test/data/res.dRep.txwf.uniq/data/ANImf_files/Bin.038.fasta/Bin.038.fasta_vs_Bin.038.fasta.ntref 4.34
# SPACE /usr/local/bin/MUMmer3.23/mummer /home/sumin/kbsdk-workspace/dRep/test/data/res.dRep.txwf.uniq/data/ANImf_files/Bin.038.fasta/Bin.038.fasta_vs_Bin.038.fasta.ntref 6.60
4: FINISHING DATA
