1: PREPARING DATA
2,3: RUNNING mummer AND CREATING CLUSTERS
# reading input file "/home/sumin/kbsdk-workspace/dRep/test/data/res.dRep.txwf.uniq/data/ANImf_files/Bin.008.fasta/Bin.008.fasta_vs_Bin.039.fasta.ntref" of length 3907164
# construct suffix tree for sequence of length 3907164
# (maximum reference length is 536870908)
# (maximum query length is 4294967295)
# process 39071 characters per dot
#....................................................................................................
# CONSTRUCTIONTIME /usr/local/bin/MUMmer3.23/mummer /home/sumin/kbsdk-workspace/dRep/test/data/res.dRep.txwf.uniq/data/ANImf_files/Bin.008.fasta/Bin.008.fasta_vs_Bin.039.fasta.ntref 2.10
# reading input file "/home/sumin/kbsdk-workspace/dRep/test/data/binned_contig_files_8bins/Bin.039.fasta" of length 3848275
# matching query-file "/home/sumin/kbsdk-workspace/dRep/test/data/binned_contig_files_8bins/Bin.039.fasta"
# against subject-file "/home/sumin/kbsdk-workspace/dRep/test/data/res.dRep.txwf.uniq/data/ANImf_files/Bin.008.fasta/Bin.008.fasta_vs_Bin.039.fasta.ntref"
# COMPLETETIME /usr/local/bin/MUMmer3.23/mummer /home/sumin/kbsdk-workspace/dRep/test/data/res.dRep.txwf.uniq/data/ANImf_files/Bin.008.fasta/Bin.008.fasta_vs_Bin.039.fasta.ntref 5.98
# SPACE /usr/local/bin/MUMmer3.23/mummer /home/sumin/kbsdk-workspace/dRep/test/data/res.dRep.txwf.uniq/data/ANImf_files/Bin.008.fasta/Bin.008.fasta_vs_Bin.039.fasta.ntref 7.46
4: FINISHING DATA
