1: PREPARING DATA
2,3: RUNNING mummer AND CREATING CLUSTERS
# reading input file "/home/sumin/kbsdk-workspace/dRep/test/data/res.dRep.txwf.uniq/data/ANImf_files/Bin.034.fasta/Bin.034.fasta_vs_Bin.034.fasta.ntref" of length 2319253
# construct suffix tree for sequence of length 2319253
# (maximum reference length is 536870908)
# (maximum query length is 4294967295)
# process 23192 characters per dot
#....................................................................................................
# CONSTRUCTIONTIME /usr/local/bin/MUMmer3.23/mummer /home/sumin/kbsdk-workspace/dRep/test/data/res.dRep.txwf.uniq/data/ANImf_files/Bin.034.fasta/Bin.034.fasta_vs_Bin.034.fasta.ntref 0.75
# reading input file "/home/sumin/kbsdk-workspace/dRep/test/data/binned_contig_files_8bins/Bin.034.fasta" of length 2319252
# matching query-file "/home/sumin/kbsdk-workspace/dRep/test/data/binned_contig_files_8bins/Bin.034.fasta"
# against subject-file "/home/sumin/kbsdk-workspace/dRep/test/data/res.dRep.txwf.uniq/data/ANImf_files/Bin.034.fasta/Bin.034.fasta_vs_Bin.034.fasta.ntref"
# COMPLETETIME /usr/local/bin/MUMmer3.23/mummer /home/sumin/kbsdk-workspace/dRep/test/data/res.dRep.txwf.uniq/data/ANImf_files/Bin.034.fasta/Bin.034.fasta_vs_Bin.034.fasta.ntref 2.66
# SPACE /usr/local/bin/MUMmer3.23/mummer /home/sumin/kbsdk-workspace/dRep/test/data/res.dRep.txwf.uniq/data/ANImf_files/Bin.034.fasta/Bin.034.fasta_vs_Bin.034.fasta.ntref 4.46
4: FINISHING DATA
