1: PREPARING DATA
2,3: RUNNING mummer AND CREATING CLUSTERS
# reading input file "/home/sumin/kbsdk-workspace/dRep/test/data/res.dRep.txwf.uniq/data/ANImf_files/Bin.044.fasta/Bin.044.fasta_vs_Bin.009.fasta.ntref" of length 2283548
# construct suffix tree for sequence of length 2283548
# (maximum reference length is 536870908)
# (maximum query length is 4294967295)
# process 22835 characters per dot
#....................................................................................................
# CONSTRUCTIONTIME /usr/local/bin/MUMmer3.23/mummer /home/sumin/kbsdk-workspace/dRep/test/data/res.dRep.txwf.uniq/data/ANImf_files/Bin.044.fasta/Bin.044.fasta_vs_Bin.009.fasta.ntref 1.14
# reading input file "/home/sumin/kbsdk-workspace/dRep/test/data/binned_contig_files_3bins/Bin.009.fasta" of length 2376772
# matching query-file "/home/sumin/kbsdk-workspace/dRep/test/data/binned_contig_files_3bins/Bin.009.fasta"
# against subject-file "/home/sumin/kbsdk-workspace/dRep/test/data/res.dRep.txwf.uniq/data/ANImf_files/Bin.044.fasta/Bin.044.fasta_vs_Bin.009.fasta.ntref"
# COMPLETETIME /usr/local/bin/MUMmer3.23/mummer /home/sumin/kbsdk-workspace/dRep/test/data/res.dRep.txwf.uniq/data/ANImf_files/Bin.044.fasta/Bin.044.fasta_vs_Bin.009.fasta.ntref 3.47
# SPACE /usr/local/bin/MUMmer3.23/mummer /home/sumin/kbsdk-workspace/dRep/test/data/res.dRep.txwf.uniq/data/ANImf_files/Bin.044.fasta/Bin.044.fasta_vs_Bin.009.fasta.ntref 4.48
4: FINISHING DATA
