Writing /home/sumin/kbsdk-workspace/dRep/test/data/res.dRep.txwf.uniq/data/MASH_files/ALL.msh...
