1: PREPARING DATA
2,3: RUNNING mummer AND CREATING CLUSTERS
# reading input file "/home/sumin/kbsdk-workspace/dRep/test/data/res.dRep.txwf.uniq/data/ANImf_files/Bin.018.fasta/Bin.018.fasta_vs_Bin.012.u.fasta.ntref" of length 2655130
# construct suffix tree for sequence of length 2655130
# (maximum reference length is 536870908)
# (maximum query length is 4294967295)
# process 26551 characters per dot
#....................................................................................................
# CONSTRUCTIONTIME /usr/local/bin/MUMmer3.23/mummer /home/sumin/kbsdk-workspace/dRep/test/data/res.dRep.txwf.uniq/data/ANImf_files/Bin.018.fasta/Bin.018.fasta_vs_Bin.012.u.fasta.ntref 1.40
# reading input file "/home/sumin/kbsdk-workspace/dRep/test/data/binned_contig_files_3bins/Bin.012.u.fasta" of length 2619991
# matching query-file "/home/sumin/kbsdk-workspace/dRep/test/data/binned_contig_files_3bins/Bin.012.u.fasta"
# against subject-file "/home/sumin/kbsdk-workspace/dRep/test/data/res.dRep.txwf.uniq/data/ANImf_files/Bin.018.fasta/Bin.018.fasta_vs_Bin.012.u.fasta.ntref"
# COMPLETETIME /usr/local/bin/MUMmer3.23/mummer /home/sumin/kbsdk-workspace/dRep/test/data/res.dRep.txwf.uniq/data/ANImf_files/Bin.018.fasta/Bin.018.fasta_vs_Bin.012.u.fasta.ntref 4.04
# SPACE /usr/local/bin/MUMmer3.23/mummer /home/sumin/kbsdk-workspace/dRep/test/data/res.dRep.txwf.uniq/data/ANImf_files/Bin.018.fasta/Bin.018.fasta_vs_Bin.012.u.fasta.ntref 5.07
4: FINISHING DATA
