1: PREPARING DATA
2,3: RUNNING mummer AND CREATING CLUSTERS
# reading input file "/home/sumin/kbsdk-workspace/dRep/test/data/res.dRep.txwf.uniq/data/ANImf_files/Bin.040.fasta/Bin.040.fasta_vs_Bin.040.fasta.ntref" of length 2305453
# construct suffix tree for sequence of length 2305453
# (maximum reference length is 536870908)
# (maximum query length is 4294967295)
# process 23054 characters per dot
#....................................................................................................
# CONSTRUCTIONTIME /usr/local/bin/MUMmer3.23/mummer /home/sumin/kbsdk-workspace/dRep/test/data/res.dRep.txwf.uniq/data/ANImf_files/Bin.040.fasta/Bin.040.fasta_vs_Bin.040.fasta.ntref 0.72
# reading input file "/home/sumin/kbsdk-workspace/dRep/test/data/binned_contig_files_8bins/Bin.040.fasta" of length 2305452
# matching query-file "/home/sumin/kbsdk-workspace/dRep/test/data/binned_contig_files_8bins/Bin.040.fasta"
# against subject-file "/home/sumin/kbsdk-workspace/dRep/test/data/res.dRep.txwf.uniq/data/ANImf_files/Bin.040.fasta/Bin.040.fasta_vs_Bin.040.fasta.ntref"
# COMPLETETIME /usr/local/bin/MUMmer3.23/mummer /home/sumin/kbsdk-workspace/dRep/test/data/res.dRep.txwf.uniq/data/ANImf_files/Bin.040.fasta/Bin.040.fasta_vs_Bin.040.fasta.ntref 2.55
# SPACE /usr/local/bin/MUMmer3.23/mummer /home/sumin/kbsdk-workspace/dRep/test/data/res.dRep.txwf.uniq/data/ANImf_files/Bin.040.fasta/Bin.040.fasta_vs_Bin.040.fasta.ntref 4.43
4: FINISHING DATA
