Sketching /home/sumin/kbsdk-workspace/dRep/test/data/binned_contig_files_3bins/Bin.012.u.fasta...
Writing to /home/sumin/kbsdk-workspace/dRep/test/data/res.dRep.txwf.uniq/data/MASH_files/sketches/chunk_0/Bin.012.u.fasta.msh...
