Sketching /home/sumin/kbsdk-workspace/dRep/test/data/binned_contig_files_8bins/Bin.027.fasta...
Writing to /home/sumin/kbsdk-workspace/dRep/test/data/res.dRep.txwf.uniq/data/MASH_files/sketches/chunk_0/Bin.027.fasta.msh...
